// Jest Snapshot v1, https://goo.gl/fbAQLP

exports[`LoginPage should take a snapshot for LoginPage Component 1`] = `
<div>
  <div
    class="loginPage"
  >
    <h1
      class="loginPage-title"
    >
      Log in to Nodepop
    </h1>
    <form>
      <div
        class="formField loginForm-field"
      >
        <label
          class="formField-label"
        >
          <span />
          <input
            autocomplete="off"
            class="formField-input"
            name="email"
            placeholder="Your email here"
            type="text"
            value=""
          />
        </label>
      </div>
      <div
        class="formField loginForm-field"
      >
        <label
          class="formField-label"
        >
          <span />
          <input
            autocomplete="off"
            class="formField-input"
            name="password"
            placeholder="Your password here"
            type="password"
            value=""
          />
        </label>
      </div>
      <button
        class="sc-beySPh hXHSwk loginForm-submit"
        disabled=""
        type="submit"
      >
        Login
      </button>
      <div
        class="checkBox"
      >
        <label
          class="checkBox-label"
        >
          <input
            class="checkBox-input"
            type="checkbox"
          />
          <span>
            Click here to keep your session open
          </span>
        </label>
      </div>
    </form>
    <div />
  </div>
</div>
`;

exports[`LoginPage snapshot 1`] = `
<div>
  <div
    class="loginPage"
  >
    <h1
      class="loginPage-title"
    >
      Log in to Nodepop
    </h1>
    <form>
      <div
        class="formField loginForm-field"
      >
        <label
          class="formField-label"
        >
          <span />
          <input
            autocomplete="off"
            class="formField-input"
            name="email"
            placeholder="Your email here"
            type="text"
            value=""
          />
        </label>
      </div>
      <div
        class="formField loginForm-field"
      >
        <label
          class="formField-label"
        >
          <span />
          <input
            autocomplete="off"
            class="formField-input"
            name="password"
            placeholder="Your password here"
            type="password"
            value=""
          />
        </label>
      </div>
      <button
        class="sc-beySPh hXHSwk loginForm-submit"
        disabled=""
        type="submit"
      >
        Login
      </button>
      <div
        class="checkBox"
      >
        <label
          class="checkBox-label"
        >
          <input
            class="checkBox-input"
            type="checkbox"
          />
          <span>
            Click here to keep your session open
          </span>
        </label>
      </div>
    </form>
    <div />
  </div>
</div>
`;
